2026-06-20T05:25:26Z INF Thank you for trying Cloudflare Tunnel. Doing so, without a Cloudflare account, is a quick way to experiment and try it out. However, be aware that these account-less Tunnels have no uptime guarantee, are subject to the Cloudflare Online Services Terms of Use (https://www.cloudflare.com/website-terms/), and Cloudflare reserves the right to investigate your use of Tunnels for violations of such terms. If you intend to use Tunnels in production you should use a pre-created named tunnel by following: https://developers.cloudflare.com/cloudflare-one/connections/connect-apps
2026-06-20T05:25:26Z INF Requesting new quick Tunnel on trycloudflare.com...
2026-06-20T05:25:29Z INF +--------------------------------------------------------------------------------------------+
2026-06-20T05:25:29Z INF |  Your quick Tunnel has been created! Visit it at (it may take some time to be reachable):  |
2026-06-20T05:25:29Z INF |  https://essays-squad-heroes-mpg.trycloudflare.com                                         |
2026-06-20T05:25:29Z INF +--------------------------------------------------------------------------------------------+
2026-06-20T05:25:29Z INF Cannot determine default configuration path. No file [config.yml config.yaml] in [~/.cloudflared ~/.cloudflare-warp ~/cloudflare-warp]
2026-06-20T05:25:29Z INF Version 2026.6.1 (Checksum 5253e66f1f493c4e13539749f1aa86fd0c61e3072900fec29a44ba046a6d97e2)
2026-06-20T05:25:29Z INF GOOS: windows, GOVersion: go1.26.4, GoArch: amd64
2026-06-20T05:25:29Z INF Settings: map[ha-connections:1 protocol:quic url:http://127.0.0.1:5174]
2026-06-20T05:25:29Z INF cloudflared will not automatically update on Windows systems.
2026-06-20T05:25:29Z INF Generated Connector ID: 27d305c0-6f47-4353-bf80-a5c83cb3cf8f
2026-06-20T05:25:29Z INF Initial protocol quic
2026-06-20T05:25:29Z INF ICMP proxy will use 192.168.2.3 as source for IPv4
2026-06-20T05:25:29Z INF ICMP proxy will use 2408:822f:20c1:8c20:99df:97c8:4caa:9ac6 in zone 以太网 as source for IPv6
2026-06-20T05:25:30Z INF cloudflared does not support loading the system root certificate pool on Windows. Please use --origin-ca-pool <PATH> to specify the path to the certificate pool
2026-06-20T05:25:30Z INF ICMP proxy will use 192.168.2.3 as source for IPv4
2026-06-20T05:25:30Z INF Tunnel connection curve preferences: [X25519MLKEM768 CurveID(65074) CurveP256] connIndex=0 event=0 ip=2606:4700:a0::6
2026-06-20T05:25:30Z INF ICMP proxy will use 2408:822f:20c1:8c20:99df:97c8:4caa:9ac6 in zone 以太网 as source for IPv6
2026-06-20T05:25:30Z INF Starting metrics server on 127.0.0.1:20241/metrics
2026-06-20T05:25:30Z INF Registered tunnel connection connIndex=0 connection=641f8c0a-b9bb-4c2b-80ef-af152855fa53 event=0 ip=2606:4700:a0::6 location=lax10 protocol=quic
2026-06-20T05:25:34Z INF +-------------------------------------------------------------------------------------+
2026-06-20T05:25:34Z INF |                               CONNECTIVITY PRE-CHECKS                               |
2026-06-20T05:25:34Z INF +-------------------------------------------------------------------------------------+
2026-06-20T05:25:34Z INF |  COMPONENT         TARGET                     STATUS  DETAILS                       |
2026-06-20T05:25:34Z INF |  DNS Resolution    region1.v2.argotunnel.com  PASS    DNS Resolved successfully     |
2026-06-20T05:25:34Z INF |  DNS Resolution    region2.v2.argotunnel.com  PASS    DNS Resolved successfully     |
2026-06-20T05:25:34Z INF |  UDP Connectivity  region1.v2.argotunnel.com  PASS    QUIC connection successful    |
2026-06-20T05:25:34Z INF |  UDP Connectivity  region2.v2.argotunnel.com  PASS    QUIC connection successful    |
2026-06-20T05:25:34Z INF |  TCP Connectivity  region1.v2.argotunnel.com  PASS    HTTP/2 connection successful  |
2026-06-20T05:25:34Z INF |  TCP Connectivity  region2.v2.argotunnel.com  PASS    HTTP/2 connection successful  |
2026-06-20T05:25:34Z INF |  Cloudflare API    api.cloudflare.com:443     PASS    API is reachable              |
2026-06-20T05:25:34Z INF |                                                                                     |
2026-06-20T05:25:34Z INF |  SUMMARY: Environment is healthy. cloudflared will use 'quic' as primary protocol.  |
2026-06-20T05:25:34Z INF +-------------------------------------------------------------------------------------+
2026-06-20T05:25:34Z INF precheck component="DNS Resolution" details="DNS Resolved successfully" run_id=d0fc6bfd-aa8d-440a-8512-c9ccb198a638 status=pass target=region1.v2.argotunnel.com
2026-06-20T05:25:34Z INF precheck component="DNS Resolution" details="DNS Resolved successfully" run_id=d0fc6bfd-aa8d-440a-8512-c9ccb198a638 status=pass target=region2.v2.argotunnel.com
2026-06-20T05:25:34Z INF precheck component="UDP Connectivity" details="QUIC connection successful" run_id=d0fc6bfd-aa8d-440a-8512-c9ccb198a638 status=pass target=region1.v2.argotunnel.com
2026-06-20T05:25:34Z INF precheck component="UDP Connectivity" details="QUIC connection successful" run_id=d0fc6bfd-aa8d-440a-8512-c9ccb198a638 status=pass target=region2.v2.argotunnel.com
2026-06-20T05:25:34Z INF precheck component="TCP Connectivity" details="HTTP/2 connection successful" run_id=d0fc6bfd-aa8d-440a-8512-c9ccb198a638 status=pass target=region1.v2.argotunnel.com
2026-06-20T05:25:34Z INF precheck component="TCP Connectivity" details="HTTP/2 connection successful" run_id=d0fc6bfd-aa8d-440a-8512-c9ccb198a638 status=pass target=region2.v2.argotunnel.com
2026-06-20T05:25:34Z INF precheck component="Cloudflare API" details="API is reachable" run_id=d0fc6bfd-aa8d-440a-8512-c9ccb198a638 status=pass target=api.cloudflare.com:443
2026-06-20T05:25:34Z INF precheck complete hard_fail=false run_id=d0fc6bfd-aa8d-440a-8512-c9ccb198a638 suggested_protocol=quic
